The following errors were found | Population - cod-ps-caf | Population - cod-ps-gmb | Population - cod-ps-kgz | Population - cod-ps-mar | Population - cod-ps-mdv | Population - cod-ps-slv | 